go : # 
credit-analytics-backend/internal/service
At line:1 char:1
+ go build ./... > build_errors.txt 2>&1
+ ~~~~~~~~~~~~~~~~~~~~~~~~~~~~~~~~~~~~~~
    + CategoryInfo          : NotSpecified:   
  (# credit-analyt...nternal/service:Str    
ing) [], RemoteException
    + FullyQualifiedErrorId : NativeCommand   
 Error
 
internal\service\applicant.go:13:5: 
undefined: pb.UnimplementedApplicantServer
internal\service\applicant.go:22:102: 
undefined: pb.CreateApplicantReply
internal\service\applicant.go:46:96: 
undefined: pb.GetApplicantReply
internal\service\applicant.go:61:72: 
undefined: pb.ListApplicantsRequest
internal\service\applicant.go:61:100: 
undefined: pb.ListApplicantsReply
internal\service\application.go:14:5: 
undefined: pb.UnimplementedApplicationServer
internal\service\decision.go:15:5: undefined: 
pb.UnimplementedDecisionServer
internal\service\financial.go:16:5: 
undefined: pb.UnimplementedFinancialServer
internal\service\reference.go:14:5: 
undefined: pb.UnimplementedReferenceServer
internal\service\survey.go:16:5: undefined: 
pb.UnimplementedSurveyServer
internal\service\applicant.go:61:100: too 
many errors
